../Core/Src/main.c:87:5:main	8	static
../Core/Src/main.c:140:6:SystemClock_Config	88	static
../Core/Src/main.c:187:13:MX_ADC3_Init	56	static
../Core/Src/main.c:255:13:MX_I2C2_Init	8	static
../Core/Src/main.c:303:13:MX_LPUART1_UART_Init	8	static
../Core/Src/main.c:350:13:MX_USART3_UART_Init	8	static
../Core/Src/main.c:398:13:MX_TIM1_Init	104	static
../Core/Src/main.c:474:13:MX_TIM3_Init	40	static
../Core/Src/main.c:522:13:MX_TIM8_Init	104	static
../Core/Src/main.c:594:13:MX_TIM16_Init	24	static
../Core/Src/main.c:640:13:MX_TIM17_Init	24	static
../Core/Src/main.c:686:13:MX_TIM20_Init	104	static
../Core/Src/main.c:758:13:MX_GPIO_Init	48	static
../Core/Src/main.c:857:6:Error_Handler	4	static,ignoring_inline_asm
