22:22:59 **** Incremental Build of configuration Debug for project Projeto Final ****
make -j8 all 
arm-none-eabi-gcc "../Core/Src/app_tasks.c" -mcpu=cortex-m4 -std=gnu11 -g3 -DDEBUG -DUSE_HAL_DRIVER -DSTM32G474xx -c -I../Core/Inc -I../Drivers/STM32G4xx_HAL_Driver/Inc -I../Drivers/STM32G4xx_HAL_Driver/Inc/Legacy -I../Drivers/CMSIS/Device/ST/STM32G4xx/Include -I../Drivers/CMSIS/Include -I../Middlewares/Third_Party/FreeRTOS/Source/include -I../Middlewares/Third_Party/FreeRTOS/Source/CMSIS_RTOS_V2 -I../Middlewares/Third_Party/FreeRTOS/Source/portable/GCC/ARM_CM4F -O0 -ffunction-sections -fdata-sections -Wall -fstack-usage -fcyclomatic-complexity -MMD -MP -MF"Core/Src/app_tasks.d" -MT"Core/Src/app_tasks.o" --specs=nano.specs -mfpu=fpv4-sp-d16 -mfloat-abi=hard -mthumb -o "Core/Src/app_tasks.o"
arm-none-eabi-gcc "../Core/Src/line_sensor.c" -mcpu=cortex-m4 -std=gnu11 -g3 -DDEBUG -DUSE_HAL_DRIVER -DSTM32G474xx -c -I../Core/Inc -I../Drivers/STM32G4xx_HAL_Driver/Inc -I../Drivers/STM32G4xx_HAL_Driver/Inc/Legacy -I../Drivers/CMSIS/Device/ST/STM32G4xx/Include -I../Drivers/CMSIS/Include -I../Middlewares/Third_Party/FreeRTOS/Source/include -I../Middlewares/Third_Party/FreeRTOS/Source/CMSIS_RTOS_V2 -I../Middlewares/Third_Party/FreeRTOS/Source/portable/GCC/ARM_CM4F -O0 -ffunction-sections -fdata-sections -Wall -fstack-usage -fcyclomatic-complexity -MMD -MP -MF"Core/Src/line_sensor.d" -MT"Core/Src/line_sensor.o" --specs=nano.specs -mfpu=fpv4-sp-d16 -mfloat-abi=hard -mthumb -o "Core/Src/line_sensor.o"
../Core/Src/line_sensor.c:142:14: warning: 'LineSensor_GetThickLineError' defined but not used [-Wunused-function]
  142 | static float LineSensor_GetThickLineError(const uint16_t values[LINE_SENSOR_COUNT])
      |              ^~~~~~~~~~~~~~~~~~~~~~~~~~~~
../Core/Src/line_sensor.c:103:14: warning: 'LineSensor_GetDifferentialValue' defined but not used [-Wunused-function]
  103 | static float LineSensor_GetDifferentialValue(const uint16_t values[LINE_SENSOR_COUNT])
      |              ^~~~~~~~~~~~~~~~~~~~~~~~~~~~~~~
../Core/Src/app_tasks.c: In function 'App_LineCtrlTask':
../Core/Src/app_tasks.c:176:13: warning: variable 'calib_polarity_done' set but not used [-Wunused-but-set-variable]
  176 |     uint8_t calib_polarity_done = 0;
      |             ^~~~~~~~~~~~~~~~~~~
arm-none-eabi-gcc -o "Projeto Final.elf" @"objects.list"   -mcpu=cortex-m4 -T"/home/Raissa/Downloads/Unicamp/ES670-2026-GrupoB1/Projeto Final/STM32G474RETX_FLASH.ld" --specs=nosys.specs -Wl,-Map="Projeto Final.map" -Wl,--gc-sections -static --specs=nano.specs -mfpu=fpv4-sp-d16 -mfloat-abi=hard -mthumb -Wl,--start-group -lc -lm -Wl,--end-group
Finished building target: Projeto Final.elf
 
arm-none-eabi-size   Projeto\ Final.elf 
arm-none-eabi-objdump -h -S  Projeto\ Final.elf  > "Projeto Final.list"
   text	   data	    bss	    dec	    hex	filename
  85204	    536	  14928	 100668	  1893c	Projeto Final.elf
Finished building: default.size.stdout
 
Finished building: Projeto Final.list
 
22:23:03 **** Incremental Build of configuration Debug for project Projeto Final ****
make -j8 all 
arm-none-eabi-size   Projeto\ Final.elf 
   text	   data	    bss	    dec	    hex	filename
  85204	    536	  14928	 100668	  1893c	Projeto Final.elf
Finished building: default.size.stdout
 
22:23:47 **** Incremental Build of configuration Debug for project Projeto Final ****
make -j8 all 
arm-none-eabi-size   Projeto\ Final.elf 
   text	   data	    bss	    dec	    hex	filename
  85204	    536	  14928	 100668	  1893c	Projeto Final.elf
Finished building: default.size.stdout
 
